// Jest Snapshot v1, https://goo.gl/fbAQLP

exports[`Incrementer component renders an Incrementer 1`] = `
<Fragment>
  <p>
    Current count: 
    0
  </p>
  <button
    onClick={[Function]}
  >
    Increment
  </button>
</Fragment>
`;
